// Jest Snapshot v1, https://goo.gl/fbAQLP

exports[`snapwatch test 1`] = `
<section
  className="tc bg-light-green dib br3 pa3 ma2 grow bw2 shadow-5"
  id="test"
>
  <img
    alt="profile"
    src="https://robohash.org/undefined?200x200"
  />
  <div>
    <h3 />
    <span />
  </div>
</section>
`;
